******************************************************************************
             TMS320C2000 Linker Unix v18.12.5                  
******************************************************************************
>> Linked Tue May  5 13:11:00 2020

OUTPUT FILE NAME:   <ELT430_Lab7-2.out>
ENTRY POINT SYMBOL: "_c_int00"  address: 00008cc3


MEMORY CONFIGURATION

         name            origin    length      used     unused   attr    fill
----------------------  --------  ---------  --------  --------  ----  --------
PAGE 0:
  BEGIN                 00000000   00000002  00000000  00000002  RWIX
  RAMM0                 00000050   000003b0  0000001e  00000392  RWIX
  RAML0_L3              00008000   00002000  00000f30  000010d0  RWIX
  FPUTABLES             003fd860   000006a0  00000000  000006a0  RWIX
  IQTABLES              003fdf00   00000b50  00000000  00000b50  RWIX
  IQTABLES2             003fea50   0000008c  00000000  0000008c  RWIX
  IQTABLES3             003feadc   000000aa  00000000  000000aa  RWIX
  BOOTROM               003ff3b0   00000c10  00000000  00000c10  RWIX
  RESET                 003fffc0   00000002  00000000  00000002  RWIX

PAGE 1:
  BOOT_RSVD             00000002   0000004e  00000000  0000004e  RWIX
  RAMM1                 00000400   00000400  00000300  00000100  RWIX
  DEV_EMU               00000880   00000105  00000004  00000101  RWIX
  SYS_PWR_CTL           00000985   00000003  00000003  00000000  RWIX
  FLASH_REGS            00000a80   00000060  00000008  00000058  RWIX
  CSM                   00000ae0   00000020  00000010  00000010  RWIX
  ADC_RESULT            00000b00   00000020  00000010  00000010  RWIX
  CPU_TIMER0            00000c00   00000008  00000008  00000000  RWIX
  CPU_TIMER1            00000c08   00000008  00000008  00000000  RWIX
  CPU_TIMER2            00000c10   00000008  00000008  00000000  RWIX
  PIE_CTRL              00000ce0   00000020  0000001a  00000006  RWIX
  PIE_VECT              00000d00   00000100  00000100  00000000  RWIX
  DMA                   00001000   00000200  000000e0  00000120  RWIX
  CLA1                  00001400   00000080  00000040  00000040  RWIX
  USB0                  00004000   00001000  00000454  00000bac  RWIX
  McBSPA                00005000   00000040  00000024  0000001c  RWIX
  ECANA                 00006000   00000040  00000034  0000000c  RWIX
  ECANA_LAM             00006040   00000040  00000040  00000000  RWIX
  ECANA_MOTS            00006080   00000040  00000040  00000000  RWIX
  ECANA_MOTO            000060c0   00000040  00000040  00000000  RWIX
  ECANA_MBOX            00006100   00000100  00000100  00000000  RWIX
  COMP1                 00006400   00000020  00000014  0000000c  RWIX
  COMP2                 00006420   00000020  00000014  0000000c  RWIX
  COMP3                 00006440   00000020  00000014  0000000c  RWIX
  EPWM1                 00006800   00000040  00000040  00000000  RWIX
  EPWM2                 00006840   00000040  00000040  00000000  RWIX
  EPWM3                 00006880   00000040  00000040  00000000  RWIX
  EPWM4                 000068c0   00000040  00000040  00000000  RWIX
  EPWM5                 00006900   00000040  00000040  00000000  RWIX
  EPWM6                 00006940   00000040  00000040  00000000  RWIX
  EPWM7                 00006980   00000040  00000040  00000000  RWIX
  EPWM8                 000069c0   00000040  00000040  00000000  RWIX
  ECAP1                 00006a00   00000020  00000020  00000000  RWIX
  ECAP2                 00006a20   00000020  00000020  00000000  RWIX
  ECAP3                 00006a40   00000020  00000020  00000000  RWIX
  HRCAP1                00006ac0   00000020  00000020  00000000  RWIX
  HRCAP2                00006ae0   00000020  00000020  00000000  RWIX
  EQEP1                 00006b00   00000040  00000022  0000001e  RWIX
  EQEP2                 00006b40   00000040  00000022  0000001e  RWIX
  HRCAP3                00006c80   00000020  00000020  00000000  RWIX
  HRCAP4                00006ca0   00000020  00000020  00000000  RWIX
  GPIOCTRL              00006f80   00000040  00000040  00000000  RWIX
  GPIODAT               00006fc0   00000020  00000020  00000000  RWIX
  GPIOINT               00006fe0   00000020  00000020  00000000  RWIX
  SYSTEM                00007010   00000030  00000030  00000000  RWIX
  SPIA                  00007040   00000010  00000010  00000000  RWIX
  SCIA                  00007050   00000010  00000010  00000000  RWIX
  NMIINTRUPT            00007060   00000010  00000010  00000000  RWIX
  XINTRUPT              00007070   00000010  00000010  00000000  RWIX
  ADC                   00007100   00000080  00000050  00000030  RWIX
  SPIB                  00007740   00000010  00000010  00000000  RWIX
  SCIB                  00007750   00000010  00000010  00000000  RWIX
  I2CA                  00007900   00000040  00000022  0000001e  RWIX
  RAML4                 0000a000   00002000  00000183  00001e7d  RWIX
  RAML5                 0000c000   00002000  00000000  00002000  RWIX
  RAML6                 0000e000   00002000  00000000  00002000  RWIX
  RAML7                 00010000   00002000  00000000  00002000  RWIX
  RAML8                 00012000   00002000  00000000  00002000  RWIX
  USB_RAM               00040000   00000800  00000000  00000800  RWIX
  PARTID                003d7e80   00000001  00000001  00000000  RWIX
  CSM_PWL               003f7ff8   00000008  00000008  00000000  RWIX


SECTION ALLOCATION MAP

 output                                  attributes/
section   page    origin      length       input sections
--------  ----  ----------  ----------   ----------------
.cinit     0    00000050    0000001e     
                  00000050    0000000e     rts2800_ml.lib : exit.c.obj (.cinit)
                  0000005e    00000005                    : _lock.c.obj (.cinit:__lock)
                  00000063    00000005                    : _lock.c.obj (.cinit:__unlock)
                  00000068    00000004                    : errno.c.obj (.cinit)
                  0000006c    00000002     --HOLE-- [fill = 0]

.text      0    00008000    00000f30     
                  00008000    0000067d     rts2800_ml.lib : k_rem_pio2.c.obj (.text)
                  0000867d    00000114                    : s_sinf.c.obj (.text)
                  00008791    000000e9                    : s_floor.c.obj (.text)
                  0000887a    000000ac                    : s_scalbn.c.obj (.text)
                  00008926    000000a7                    : e_rem_pio2f.c.obj (.text)
                  000089cd    0000009c                    : fd_add28.asm.obj (.text)
                  00008a69    00000087                    : k_sinf.c.obj (.text)
                  00008af0    00000083                    : fd_mpy28.asm.obj (.text)
                  00008b73    0000007e                    : k_cosf.c.obj (.text)
                  00008bf1    00000078                    : fs_add28.asm.obj (.text)
                  00008c69    0000005a                    : fs_mpy28.asm.obj (.text)
                  00008cc3    00000054                    : boot28.asm.obj (.text)
                  00008d17    00000030     main.obj (.text)
                  00008d47    0000002a     rts2800_ml.lib : fd_cmp28.asm.obj (.text)
                  00008d71    00000029                    : exit.c.obj (.text)
                  00008d9a    00000025                    : fs_toi28.asm.obj (.text)
                  00008dbf    00000024                    : cpy_tbl.c.obj (.text)
                  00008de3    00000023                    : s_copysign.c.obj (.text)
                  00008e06    00000022                    : i_div28.asm.obj (.text)
                  00008e28    00000021                    : fd_tofs28.asm.obj (.text)
                  00008e49    0000001f                    : fd_tol28.asm.obj (.text)
                  00008e68    0000001d                    : memcpy.c.obj (.text)
                  00008e85    0000001c                    : fs_tofd28.asm.obj (.text)
                  00008ea1    0000001c                    : l_tofd28.asm.obj (.text)
                  00008ebd    0000001a                    : i_tofs28.asm.obj (.text)
                  00008ed7    00000019                    : args_main.c.obj (.text)
                  00008ef0    00000018                    : ll_aox28.asm.obj (.text)
                  00008f08    0000000e                    : fd_sub28.asm.obj (.text)
                  00008f16    00000009                    : _lock.c.obj (.text)
                  00008f1f    00000009                    : fd_neg28.asm.obj (.text)
                  00008f28    00000005                    : fs_neg28.asm.obj (.text)
                  00008f2d    00000002                    : pre_init.c.obj (.text)
                  00008f2f    00000001                    : startup.c.obj (.text)

.pinit     0    00000050    00000000     UNINITIALIZED

.reset     0    003fffc0    00000002     DSECT
                  003fffc0    00000002     rts2800_ml.lib : boot28.asm.obj (.reset)

.stack     1    00000400    00000300     UNINITIALIZED
                  00000400    00000300     --HOLE--

.econst    1    0000a000    00000178     
                  0000a000    00000084     rts2800_ml.lib : k_rem_pio2.c.obj (.econst:_ipio2)
                  0000a084    0000002c                    : k_rem_pio2.c.obj (.econst)
                  0000a0b0    00000028                    : k_cosf.c.obj (.econst)
                  0000a0d8    00000020                    : k_rem_pio2.c.obj (.econst:_PIo2)
                  0000a0f8    00000020                    : k_sinf.c.obj (.econst)
                  0000a118    0000001c                    : e_rem_pio2f.c.obj (.econst)
                  0000a134    0000001c                    : s_scalbn.c.obj (.econst)
                  0000a150    00000018                    : s_sinf.c.obj (.econst)
                  0000a168    0000000c                    : s_floor.c.obj (.econst)
                  0000a174    00000004                    : k_rem_pio2.c.obj (.econst:_init_jk)

.ebss      1    0000a178    0000000b     UNINITIALIZED
                  0000a178    00000006     rts2800_ml.lib : exit.c.obj (.ebss)
                  0000a17e    00000002                    : _lock.c.obj (.ebss:__lock)
                  0000a180    00000002                    : _lock.c.obj (.ebss:__unlock)
                  0000a182    00000001                    : errno.c.obj (.ebss)

DevEmuRegsFile 
*          1    00000880    00000004     UNINITIALIZED
                  00000880    00000004     F2806x_GlobalVariableDefs.obj (DevEmuRegsFile)

SysPwrCtrlRegsFile 
*          1    00000985    00000003     UNINITIALIZED
                  00000985    00000003     F2806x_GlobalVariableDefs.obj (SysPwrCtrlRegsFile)

FlashRegsFile 
*          1    00000a80    00000008     UNINITIALIZED
                  00000a80    00000008     F2806x_GlobalVariableDefs.obj (FlashRegsFile)

CsmRegsFile 
*          1    00000ae0    00000010     UNINITIALIZED
                  00000ae0    00000010     F2806x_GlobalVariableDefs.obj (CsmRegsFile)

AdcResultFile 
*          1    00000b00    00000010     UNINITIALIZED
                  00000b00    00000010     F2806x_GlobalVariableDefs.obj (AdcResultFile)

CpuTimer0RegsFile 
*          1    00000c00    00000008     UNINITIALIZED
                  00000c00    00000008     F2806x_GlobalVariableDefs.obj (CpuTimer0RegsFile)

CpuTimer1RegsFile 
*          1    00000c08    00000008     UNINITIALIZED
                  00000c08    00000008     F2806x_GlobalVariableDefs.obj (CpuTimer1RegsFile)

CpuTimer2RegsFile 
*          1    00000c10    00000008     UNINITIALIZED
                  00000c10    00000008     F2806x_GlobalVariableDefs.obj (CpuTimer2RegsFile)

PieCtrlRegsFile 
*          1    00000ce0    0000001a     UNINITIALIZED
                  00000ce0    0000001a     F2806x_GlobalVariableDefs.obj (PieCtrlRegsFile)

PieVectTableFile 
*          1    00000d00    00000100     UNINITIALIZED
                  00000d00    00000100     F2806x_GlobalVariableDefs.obj (PieVectTableFile)

EmuKeyVar 
*          1    00000d00    00000001     UNINITIALIZED
                  00000d00    00000001     F2806x_GlobalVariableDefs.obj (EmuKeyVar)

EmuBModeVar 
*          1    00000d01    00000001     UNINITIALIZED
                  00000d01    00000001     F2806x_GlobalVariableDefs.obj (EmuBModeVar)

FlashCallbackVar 
*          1    00000d02    00000002     UNINITIALIZED
                  00000d02    00000002     F2806x_GlobalVariableDefs.obj (FlashCallbackVar)

FlashScalingVar 
*          1    00000d04    00000002     UNINITIALIZED
                  00000d04    00000002     F2806x_GlobalVariableDefs.obj (FlashScalingVar)

DmaRegsFile 
*          1    00001000    000000e0     UNINITIALIZED
                  00001000    000000e0     F2806x_GlobalVariableDefs.obj (DmaRegsFile)

Cla1RegsFile 
*          1    00001400    00000040     UNINITIALIZED
                  00001400    00000040     F2806x_GlobalVariableDefs.obj (Cla1RegsFile)

Usb0RegsFile 
*          1    00004000    00000454     UNINITIALIZED
                  00004000    00000454     F2806x_GlobalVariableDefs.obj (Usb0RegsFile)

McbspaRegsFile 
*          1    00005000    00000024     UNINITIALIZED
                  00005000    00000024     F2806x_GlobalVariableDefs.obj (McbspaRegsFile)

ECanaRegsFile 
*          1    00006000    00000034     UNINITIALIZED
                  00006000    00000034     F2806x_GlobalVariableDefs.obj (ECanaRegsFile)

ECanaLAMRegsFile 
*          1    00006040    00000040     UNINITIALIZED
                  00006040    00000040     F2806x_GlobalVariableDefs.obj (ECanaLAMRegsFile)

ECanaMOTSRegsFile 
*          1    00006080    00000040     UNINITIALIZED
                  00006080    00000040     F2806x_GlobalVariableDefs.obj (ECanaMOTSRegsFile)

ECanaMOTORegsFile 
*          1    000060c0    00000040     UNINITIALIZED
                  000060c0    00000040     F2806x_GlobalVariableDefs.obj (ECanaMOTORegsFile)

ECanaMboxesFile 
*          1    00006100    00000100     UNINITIALIZED
                  00006100    00000100     F2806x_GlobalVariableDefs.obj (ECanaMboxesFile)

Comp1RegsFile 
*          1    00006400    00000014     UNINITIALIZED
                  00006400    00000014     F2806x_GlobalVariableDefs.obj (Comp1RegsFile)

Comp2RegsFile 
*          1    00006420    00000014     UNINITIALIZED
                  00006420    00000014     F2806x_GlobalVariableDefs.obj (Comp2RegsFile)

Comp3RegsFile 
*          1    00006440    00000014     UNINITIALIZED
                  00006440    00000014     F2806x_GlobalVariableDefs.obj (Comp3RegsFile)

EPwm1RegsFile 
*          1    00006800    00000040     UNINITIALIZED
                  00006800    00000040     F2806x_GlobalVariableDefs.obj (EPwm1RegsFile)

EPwm2RegsFile 
*          1    00006840    00000040     UNINITIALIZED
                  00006840    00000040     F2806x_GlobalVariableDefs.obj (EPwm2RegsFile)

EPwm3RegsFile 
*          1    00006880    00000040     UNINITIALIZED
                  00006880    00000040     F2806x_GlobalVariableDefs.obj (EPwm3RegsFile)

EPwm4RegsFile 
*          1    000068c0    00000040     UNINITIALIZED
                  000068c0    00000040     F2806x_GlobalVariableDefs.obj (EPwm4RegsFile)

EPwm5RegsFile 
*          1    00006900    00000040     UNINITIALIZED
                  00006900    00000040     F2806x_GlobalVariableDefs.obj (EPwm5RegsFile)

EPwm6RegsFile 
*          1    00006940    00000040     UNINITIALIZED
                  00006940    00000040     F2806x_GlobalVariableDefs.obj (EPwm6RegsFile)

EPwm7RegsFile 
*          1    00006980    00000040     UNINITIALIZED
                  00006980    00000040     F2806x_GlobalVariableDefs.obj (EPwm7RegsFile)

EPwm8RegsFile 
*          1    000069c0    00000040     UNINITIALIZED
                  000069c0    00000040     F2806x_GlobalVariableDefs.obj (EPwm8RegsFile)

ECap1RegsFile 
*          1    00006a00    00000020     UNINITIALIZED
                  00006a00    00000020     F2806x_GlobalVariableDefs.obj (ECap1RegsFile)

ECap2RegsFile 
*          1    00006a20    00000020     UNINITIALIZED
                  00006a20    00000020     F2806x_GlobalVariableDefs.obj (ECap2RegsFile)

ECap3RegsFile 
*          1    00006a40    00000020     UNINITIALIZED
                  00006a40    00000020     F2806x_GlobalVariableDefs.obj (ECap3RegsFile)

HRCap1RegsFile 
*          1    00006ac0    00000020     UNINITIALIZED
                  00006ac0    00000020     F2806x_GlobalVariableDefs.obj (HRCap1RegsFile)

HRCap2RegsFile 
*          1    00006ae0    00000020     UNINITIALIZED
                  00006ae0    00000020     F2806x_GlobalVariableDefs.obj (HRCap2RegsFile)

EQep1RegsFile 
*          1    00006b00    00000022     UNINITIALIZED
                  00006b00    00000022     F2806x_GlobalVariableDefs.obj (EQep1RegsFile)

EQep2RegsFile 
*          1    00006b40    00000022     UNINITIALIZED
                  00006b40    00000022     F2806x_GlobalVariableDefs.obj (EQep2RegsFile)

HRCap3RegsFile 
*          1    00006c80    00000020     UNINITIALIZED
                  00006c80    00000020     F2806x_GlobalVariableDefs.obj (HRCap3RegsFile)

HRCap4RegsFile 
*          1    00006ca0    00000020     UNINITIALIZED
                  00006ca0    00000020     F2806x_GlobalVariableDefs.obj (HRCap4RegsFile)

GpioCtrlRegsFile 
*          1    00006f80    00000040     UNINITIALIZED
                  00006f80    00000040     F2806x_GlobalVariableDefs.obj (GpioCtrlRegsFile)

GpioDataRegsFile 
*          1    00006fc0    00000020     UNINITIALIZED
                  00006fc0    00000020     F2806x_GlobalVariableDefs.obj (GpioDataRegsFile)

GpioIntRegsFile 
*          1    00006fe0    00000020     UNINITIALIZED
                  00006fe0    00000020     F2806x_GlobalVariableDefs.obj (GpioIntRegsFile)

SysCtrlRegsFile 
*          1    00007010    00000030     UNINITIALIZED
                  00007010    00000030     F2806x_GlobalVariableDefs.obj (SysCtrlRegsFile)

SpiaRegsFile 
*          1    00007040    00000010     UNINITIALIZED
                  00007040    00000010     F2806x_GlobalVariableDefs.obj (SpiaRegsFile)

SciaRegsFile 
*          1    00007050    00000010     UNINITIALIZED
                  00007050    00000010     F2806x_GlobalVariableDefs.obj (SciaRegsFile)

NmiIntruptRegsFile 
*          1    00007060    00000010     UNINITIALIZED
                  00007060    00000010     F2806x_GlobalVariableDefs.obj (NmiIntruptRegsFile)

XIntruptRegsFile 
*          1    00007070    00000010     UNINITIALIZED
                  00007070    00000010     F2806x_GlobalVariableDefs.obj (XIntruptRegsFile)

AdcRegsFile 
*          1    00007100    00000050     UNINITIALIZED
                  00007100    00000050     F2806x_GlobalVariableDefs.obj (AdcRegsFile)

SpibRegsFile 
*          1    00007740    00000010     UNINITIALIZED
                  00007740    00000010     F2806x_GlobalVariableDefs.obj (SpibRegsFile)

ScibRegsFile 
*          1    00007750    00000010     UNINITIALIZED
                  00007750    00000010     F2806x_GlobalVariableDefs.obj (ScibRegsFile)

I2caRegsFile 
*          1    00007900    00000022     UNINITIALIZED
                  00007900    00000022     F2806x_GlobalVariableDefs.obj (I2caRegsFile)

PartIdRegsFile 
*          1    003d7e80    00000001     UNINITIALIZED
                  003d7e80    00000001     F2806x_GlobalVariableDefs.obj (PartIdRegsFile)

CsmPwlFile 
*          1    003f7ff8    00000008     UNINITIALIZED
                  003f7ff8    00000008     F2806x_GlobalVariableDefs.obj (CsmPwlFile)

MODULE SUMMARY

       Module                          code   initialized data   uninitialized data
       ------                          ----   ----------------   ------------------
    ./
       F2806x_GlobalVariableDefs.obj   0      0                  3550              
       main.obj                        48     0                  0                 
    +--+-------------------------------+------+------------------+--------------------+
       Total:                          48     0                  3550              
                                                                                   
    /opt/ti/compiler/ti-cgt-c2000_18.12.5.LTS/lib/rts2800_ml.lib
       k_rem_pio2.c.obj                1661   212                0                 
       s_sinf.c.obj                    276    24                 0                 
       s_floor.c.obj                   233    12                 0                 
       s_scalbn.c.obj                  172    28                 0                 
       e_rem_pio2f.c.obj               167    28                 0                 
       k_sinf.c.obj                    135    32                 0                 
       k_cosf.c.obj                    126    40                 0                 
       fd_add28.asm.obj                156    0                  0                 
       fd_mpy28.asm.obj                131    0                  0                 
       fs_add28.asm.obj                120    0                  0                 
       fs_mpy28.asm.obj                90     0                  0                 
       boot28.asm.obj                  84     0                  0                 
       exit.c.obj                      41     14                 6                 
       fd_cmp28.asm.obj                42     0                  0                 
       fs_toi28.asm.obj                37     0                  0                 
       cpy_tbl.c.obj                   36     0                  0                 
       s_copysign.c.obj                35     0                  0                 
       i_div28.asm.obj                 34     0                  0                 
       fd_tofs28.asm.obj               33     0                  0                 
       fd_tol28.asm.obj                31     0                  0                 
       memcpy.c.obj                    29     0                  0                 
       fs_tofd28.asm.obj               28     0                  0                 
       l_tofd28.asm.obj                28     0                  0                 
       i_tofs28.asm.obj                26     0                  0                 
       args_main.c.obj                 25     0                  0                 
       ll_aox28.asm.obj                24     0                  0                 
       _lock.c.obj                     9      10                 4                 
       fd_sub28.asm.obj                14     0                  0                 
       fd_neg28.asm.obj                9      0                  0                 
       errno.c.obj                     0      4                  1                 
       fs_neg28.asm.obj                5      0                  0                 
       pre_init.c.obj                  2      0                  0                 
       startup.c.obj                   1      0                  0                 
    +--+-------------------------------+------+------------------+--------------------+
       Total:                          3840   404                11                
                                                                                   
       Stack:                          0      0                  768               
    +--+-------------------------------+------+------------------+--------------------+
       Grand Total:                    3888   404                4329              


GLOBAL DATA SYMBOLS: SORTED BY DATA PAGE

address     data page           name
--------    ----------------    ----
00000400      10 (00000400)     __stack

00000880      22 (00000880)     _DevEmuRegs

00000985      26 (00000980)     _SysPwrCtrlRegs

00000a80      2a (00000a80)     _FlashRegs

00000ae0      2b (00000ac0)     _CsmRegs

00000b00      2c (00000b00)     _AdcResult

00000c00      30 (00000c00)     _CpuTimer0Regs
00000c08      30 (00000c00)     _CpuTimer1Regs
00000c10      30 (00000c00)     _CpuTimer2Regs

00000ce0      33 (00000cc0)     _PieCtrlRegs

00000d00      34 (00000d00)     _EmuKey
00000d00      34 (00000d00)     _PieVectTable
00000d01      34 (00000d00)     _EmuBMode
00000d02      34 (00000d00)     _Flash_CallbackPtr
00000d04      34 (00000d00)     _Flash_CPUScaleFactor

00001000      40 (00001000)     _DmaRegs

00001400      50 (00001400)     _Cla1Regs

00004000     100 (00004000)     _Usb0Regs

00005000     140 (00005000)     _McbspaRegs

00006000     180 (00006000)     _ECanaRegs

00006040     181 (00006040)     _ECanaLAMRegs

00006080     182 (00006080)     _ECanaMOTSRegs

000060c0     183 (000060c0)     _ECanaMOTORegs

00006100     184 (00006100)     _ECanaMboxes

00006400     190 (00006400)     _Comp1Regs
00006420     190 (00006400)     _Comp2Regs

00006440     191 (00006440)     _Comp3Regs

00006800     1a0 (00006800)     _EPwm1Regs

00006840     1a1 (00006840)     _EPwm2Regs

00006880     1a2 (00006880)     _EPwm3Regs

000068c0     1a3 (000068c0)     _EPwm4Regs

00006900     1a4 (00006900)     _EPwm5Regs

00006940     1a5 (00006940)     _EPwm6Regs

00006980     1a6 (00006980)     _EPwm7Regs

000069c0     1a7 (000069c0)     _EPwm8Regs

00006a00     1a8 (00006a00)     _ECap1Regs
00006a20     1a8 (00006a00)     _ECap2Regs

00006a40     1a9 (00006a40)     _ECap3Regs

00006ac0     1ab (00006ac0)     _HRCap1Regs
00006ae0     1ab (00006ac0)     _HRCap2Regs

00006b00     1ac (00006b00)     _EQep1Regs

00006b40     1ad (00006b40)     _EQep2Regs

00006c80     1b2 (00006c80)     _HRCap3Regs
00006ca0     1b2 (00006c80)     _HRCap4Regs

00006f80     1be (00006f80)     _GpioCtrlRegs

00006fc0     1bf (00006fc0)     _GpioDataRegs
00006fe0     1bf (00006fc0)     _GpioIntRegs

00007010     1c0 (00007000)     _SysCtrlRegs

00007040     1c1 (00007040)     _SpiaRegs
00007050     1c1 (00007040)     _SciaRegs
00007060     1c1 (00007040)     _NmiIntruptRegs
00007070     1c1 (00007040)     _XIntruptRegs

00007100     1c4 (00007100)     _AdcRegs

00007740     1dd (00007740)     _SpibRegs
00007750     1dd (00007740)     _ScibRegs

00007900     1e4 (00007900)     _I2caRegs

0000a178     285 (0000a140)     ___TI_enable_exit_profile_output
0000a17a     285 (0000a140)     ___TI_cleanup_ptr
0000a17c     285 (0000a140)     ___TI_dtors_ptr
0000a17e     285 (0000a140)     __lock

0000a180     286 (0000a180)     __unlock
0000a182     286 (0000a180)     _errno

003d7e80    f5fa (003d7e80)     _PartIdRegs

003f7ff8    fdff (003f7fc0)     _CsmPwl


GLOBAL SYMBOLS: SORTED ALPHABETICALLY BY Name 

page  address   name                            
----  -------   ----                            
0     00008000  .text                           
0     00008d71  C$$EXIT                         
0     000089cd  FD$$ADD                         
0     00008d47  FD$$CMP                         
0     00008af0  FD$$MPY                         
0     00008f1f  FD$$NEG                         
0     00008f08  FD$$SUB                         
0     00008e28  FD$$TOFS                        
0     00008e49  FD$$TOL                         
0     00008bf6  FS$$ADD                         
0     00008c69  FS$$MPY                         
0     00008f28  FS$$NEG                         
0     00008bf1  FS$$SUB                         
0     00008e85  FS$$TOFD                        
0     00008d9a  FS$$TOI                         
0     00008e06  I$$DIV                          
0     00008e17  I$$MOD                          
0     00008ebd  I$$TOFS                         
0     00008ea1  L$$TOFD                         
0     00008ef0  LL$$AND                         
0     00008ef8  LL$$OR                          
0     00008f00  LL$$XOR                         
1     00007100  _AdcRegs                        
1     00000b00  _AdcResult                      
1     00001400  _Cla1Regs                       
1     00006400  _Comp1Regs                      
1     00006420  _Comp2Regs                      
1     00006440  _Comp3Regs                      
1     00000c00  _CpuTimer0Regs                  
1     00000c08  _CpuTimer1Regs                  
1     00000c10  _CpuTimer2Regs                  
1     003f7ff8  _CsmPwl                         
1     00000ae0  _CsmRegs                        
1     00000880  _DevEmuRegs                     
1     00001000  _DmaRegs                        
1     00006040  _ECanaLAMRegs                   
1     000060c0  _ECanaMOTORegs                  
1     00006080  _ECanaMOTSRegs                  
1     00006100  _ECanaMboxes                    
1     00006000  _ECanaRegs                      
1     00006a00  _ECap1Regs                      
1     00006a20  _ECap2Regs                      
1     00006a40  _ECap3Regs                      
1     00006800  _EPwm1Regs                      
1     00006840  _EPwm2Regs                      
1     00006880  _EPwm3Regs                      
1     000068c0  _EPwm4Regs                      
1     00006900  _EPwm5Regs                      
1     00006940  _EPwm6Regs                      
1     00006980  _EPwm7Regs                      
1     000069c0  _EPwm8Regs                      
1     00006b00  _EQep1Regs                      
1     00006b40  _EQep2Regs                      
1     00000d01  _EmuBMode                       
1     00000d00  _EmuKey                         
1     00000a80  _FlashRegs                      
1     00000d04  _Flash_CPUScaleFactor           
1     00000d02  _Flash_CallbackPtr              
1     00006f80  _GpioCtrlRegs                   
1     00006fc0  _GpioDataRegs                   
1     00006fe0  _GpioIntRegs                    
1     00006ac0  _HRCap1Regs                     
1     00006ae0  _HRCap2Regs                     
1     00006c80  _HRCap3Regs                     
1     00006ca0  _HRCap4Regs                     
1     00007900  _I2caRegs                       
1     00005000  _McbspaRegs                     
1     00007060  _NmiIntruptRegs                 
1     003d7e80  _PartIdRegs                     
1     00000ce0  _PieCtrlRegs                    
1     00000d00  _PieVectTable                   
1     00007050  _SciaRegs                       
1     00007750  _ScibRegs                       
1     00007040  _SpiaRegs                       
1     00007740  _SpibRegs                       
1     00007010  _SysCtrlRegs                    
1     00000985  _SysPwrCtrlRegs                 
1     00004000  _Usb0Regs                       
1     00007070  _XIntruptRegs                   
1     00000700  __STACK_END                     
abs   00000300  __STACK_SIZE                    
1     0000a17a  ___TI_cleanup_ptr               
1     0000a17c  ___TI_dtors_ptr                 
1     0000a178  ___TI_enable_exit_profile_output
abs   ffffffff  ___TI_pprof_out_hndl            
abs   ffffffff  ___TI_prof_data_size            
abs   ffffffff  ___TI_prof_data_start           
abs   ffffffff  ___binit__                      
abs   ffffffff  ___c_args__                     
0     00000050  ___cinit__                      
0     00008f30  ___etext__                      
0     00008b73  ___kernel_cosdf                 
0     00008000  ___kernel_rem_pio2              
0     00008a69  ___kernel_sindf                 
abs   ffffffff  ___pinit__                      
0     00008926  ___rem_pio2f                    
0     00008000  ___text__                       
0     00008ed7  __args_main                     
1     0000a17e  __lock                          
0     00008f1e  __nop                           
0     00008f1a  __register_lock                 
0     00008f16  __register_unlock               
1     00000400  __stack                         
0     00008f2f  __system_post_cinit             
0     00008f2d  __system_pre_init               
1     0000a180  __unlock                        
0     00008d71  _abort                          
0     00008cc3  _c_int00                        
0     00008dbf  _copy_in                        
0     00008de3  _copysignl                      
1     0000a182  _errno                          
0     00008d73  _exit                           
0     00008791  _floorl                         
0     0000887a  _ldexpl                         
0     00008d17  _main                           
0     00008e68  _memcpy                         
0     0000887a  _scalbnl                        
0     0000867d  _sin                            
0     0000867d  _sinf                           
abs   ffffffff  binit                           
0     00000050  cinit                           
0     00008f30  etext                           
abs   ffffffff  pinit                           


GLOBAL SYMBOLS: SORTED BY Symbol Address 

page  address   name                            
----  -------   ----                            
0     00000050  ___cinit__                      
0     00000050  cinit                           
0     00008000  .text                           
0     00008000  ___kernel_rem_pio2              
0     00008000  ___text__                       
0     0000867d  _sin                            
0     0000867d  _sinf                           
0     00008791  _floorl                         
0     0000887a  _ldexpl                         
0     0000887a  _scalbnl                        
0     00008926  ___rem_pio2f                    
0     000089cd  FD$$ADD                         
0     00008a69  ___kernel_sindf                 
0     00008af0  FD$$MPY                         
0     00008b73  ___kernel_cosdf                 
0     00008bf1  FS$$SUB                         
0     00008bf6  FS$$ADD                         
0     00008c69  FS$$MPY                         
0     00008cc3  _c_int00                        
0     00008d17  _main                           
0     00008d47  FD$$CMP                         
0     00008d71  C$$EXIT                         
0     00008d71  _abort                          
0     00008d73  _exit                           
0     00008d9a  FS$$TOI                         
0     00008dbf  _copy_in                        
0     00008de3  _copysignl                      
0     00008e06  I$$DIV                          
0     00008e17  I$$MOD                          
0     00008e28  FD$$TOFS                        
0     00008e49  FD$$TOL                         
0     00008e68  _memcpy                         
0     00008e85  FS$$TOFD                        
0     00008ea1  L$$TOFD                         
0     00008ebd  I$$TOFS                         
0     00008ed7  __args_main                     
0     00008ef0  LL$$AND                         
0     00008ef8  LL$$OR                          
0     00008f00  LL$$XOR                         
0     00008f08  FD$$SUB                         
0     00008f16  __register_unlock               
0     00008f1a  __register_lock                 
0     00008f1e  __nop                           
0     00008f1f  FD$$NEG                         
0     00008f28  FS$$NEG                         
0     00008f2d  __system_pre_init               
0     00008f2f  __system_post_cinit             
0     00008f30  ___etext__                      
0     00008f30  etext                           
1     00000400  __stack                         
1     00000700  __STACK_END                     
1     00000880  _DevEmuRegs                     
1     00000985  _SysPwrCtrlRegs                 
1     00000a80  _FlashRegs                      
1     00000ae0  _CsmRegs                        
1     00000b00  _AdcResult                      
1     00000c00  _CpuTimer0Regs                  
1     00000c08  _CpuTimer1Regs                  
1     00000c10  _CpuTimer2Regs                  
1     00000ce0  _PieCtrlRegs                    
1     00000d00  _EmuKey                         
1     00000d00  _PieVectTable                   
1     00000d01  _EmuBMode                       
1     00000d02  _Flash_CallbackPtr              
1     00000d04  _Flash_CPUScaleFactor           
1     00001000  _DmaRegs                        
1     00001400  _Cla1Regs                       
1     00004000  _Usb0Regs                       
1     00005000  _McbspaRegs                     
1     00006000  _ECanaRegs                      
1     00006040  _ECanaLAMRegs                   
1     00006080  _ECanaMOTSRegs                  
1     000060c0  _ECanaMOTORegs                  
1     00006100  _ECanaMboxes                    
1     00006400  _Comp1Regs                      
1     00006420  _Comp2Regs                      
1     00006440  _Comp3Regs                      
1     00006800  _EPwm1Regs                      
1     00006840  _EPwm2Regs                      
1     00006880  _EPwm3Regs                      
1     000068c0  _EPwm4Regs                      
1     00006900  _EPwm5Regs                      
1     00006940  _EPwm6Regs                      
1     00006980  _EPwm7Regs                      
1     000069c0  _EPwm8Regs                      
1     00006a00  _ECap1Regs                      
1     00006a20  _ECap2Regs                      
1     00006a40  _ECap3Regs                      
1     00006ac0  _HRCap1Regs                     
1     00006ae0  _HRCap2Regs                     
1     00006b00  _EQep1Regs                      
1     00006b40  _EQep2Regs                      
1     00006c80  _HRCap3Regs                     
1     00006ca0  _HRCap4Regs                     
1     00006f80  _GpioCtrlRegs                   
1     00006fc0  _GpioDataRegs                   
1     00006fe0  _GpioIntRegs                    
1     00007010  _SysCtrlRegs                    
1     00007040  _SpiaRegs                       
1     00007050  _SciaRegs                       
1     00007060  _NmiIntruptRegs                 
1     00007070  _XIntruptRegs                   
1     00007100  _AdcRegs                        
1     00007740  _SpibRegs                       
1     00007750  _ScibRegs                       
1     00007900  _I2caRegs                       
1     0000a178  ___TI_enable_exit_profile_output
1     0000a17a  ___TI_cleanup_ptr               
1     0000a17c  ___TI_dtors_ptr                 
1     0000a17e  __lock                          
1     0000a180  __unlock                        
1     0000a182  _errno                          
1     003d7e80  _PartIdRegs                     
1     003f7ff8  _CsmPwl                         
abs   00000300  __STACK_SIZE                    
abs   ffffffff  ___TI_pprof_out_hndl            
abs   ffffffff  ___TI_prof_data_size            
abs   ffffffff  ___TI_prof_data_start           
abs   ffffffff  ___binit__                      
abs   ffffffff  ___c_args__                     
abs   ffffffff  ___pinit__                      
abs   ffffffff  binit                           
abs   ffffffff  pinit                           

[123 symbols]
